Microsoft (R) Macro Assembler Version 14.43.34809.0	    04/29/25 22:35:45
Code.asm						     Page 1 - 1


				;// ------------------------------------------------------------ -
				;// 4. Find out if you can declare a variable of type DWORD and
				;// assign it a negative value.What does this tell you about
				;// the assembler's type checking?
				;// ------------------------------------------------------------ -

				.386
				.model flat, stdcall
				.stack 4096
				ExitProcess proto, dwExitCode:dword

 00000000			.data
 00000000 FFFFFFFB		myDWORD DWORD - 5	;// Attempting to assign negative value to DWORD

 00000000			.code
 00000000			main proc
				;// Load the value into a register to examine it
 00000000  A1 00000000 R	mov eax, myDWORD

				;// Move a positive value as comparison
 00000005  BB 00000005		mov ebx, 5

				invoke ExitProcess, 0
 0000000A  6A 00	   *	    push   +000000000h
 0000000C  E8 00000000 E   *	    call   ExitProcess
 00000011			main endp
				end main
Microsoft (R) Macro Assembler Version 14.43.34809.0	    04/29/25 22:35:45
Code.asm						     Symbols 2 - 1




Segments and Groups:

                N a m e                 Size     Length   Align   Combine Class

FLAT . . . . . . . . . . . . . .	GROUP
STACK  . . . . . . . . . . . . .	32 Bit	 00001000 DWord	  Stack	  'STACK'	 
_DATA  . . . . . . . . . . . . .	32 Bit	 00000004 DWord	  Public  'DATA'	
_TEXT  . . . . . . . . . . . . .	32 Bit	 00000011 DWord	  Public  'CODE'	


Procedures, parameters, and locals:

                N a m e                 Type     Value    Attr

ExitProcess  . . . . . . . . . .	P Near	 00000000 FLAT	Length= 00000000 External STDCALL
main . . . . . . . . . . . . . .	P Near	 00000000 _TEXT	Length= 00000011 Public STDCALL


Symbols:

                N a m e                 Type     Value    Attr

@CodeSize  . . . . . . . . . . .	Number	 00000000h   
@DataSize  . . . . . . . . . . .	Number	 00000000h   
@Interface . . . . . . . . . . .	Number	 00000003h   
@Model . . . . . . . . . . . . .	Number	 00000007h   
@code  . . . . . . . . . . . . .	Text   	 _TEXT
@data  . . . . . . . . . . . . .	Text   	 FLAT
@fardata?  . . . . . . . . . . .	Text   	 FLAT
@fardata . . . . . . . . . . . .	Text   	 FLAT
@stack . . . . . . . . . . . . .	Text   	 FLAT
myDWORD  . . . . . . . . . . . .	DWord	 00000000 _DATA	

	   0 Warnings
	   0 Errors
